0001   0000             ; SD BIOS для компьютера Специалист
0002   0000             ; (c) 22-05-2013 vinxru
0003   0000             
0004   D800                  .org 0D800h
0005   D800             
0006   D800             CLC_PORT        = 0F001h
0007   D800             DATA_PORT       = 0F002h
0008   D800             CTL_PORT        = 0F003h
0009   D800             CLC_BIT         = 80h;
0010   D800             SEND_MODE       = 10010000b ; Настройка: 1 0 0 A СH 0 B CL   1=ввод 0=вывод
0011   D800             RECV_MODE       = 10011001b
0012   D800             
0013   D800             MONITOR         = 0C003h
0014   D800             
0015   D800             ERR_START  	= 040h
0016   D800             ERR_WAIT   	= 041h
0017   D800             ERR_OK_DISK 	= 042h
0018   D800             ERR_OK          = 043h
0019   D800             ERR_OK_READ	= 044h
0020   D800             ERR_OK_RKS  	= 047h
0021   D800             
0022   D800             ;----------------------------------------------------------------------------
0023   D800             
0024   D800             Entry:
0025   D800                  ; Схема начального запуска
0026   D800 FB               EI
0027   D801 3E 82            MVI 	A, 82h
0028   D803 32 03 FF         STA 	0FF03h
0029   D806                  
0030   D806                  ; Инициализация стека
0031   D806 31 FF 7F         LXI	SP, 07FFFh
0032   D809             
0033   D809                  ; Какие то системные переменные (взято из стандартной ПЗУ)
0034   D809 21 73 C4         LXI	H, 0C473h
0035   D80C 11 94 C4         LXI	D, 0C494h
0036   D80F 01 DF 8F         LXI	B, 08FDFh
0037   D812 CD 2D C4         CALL	0C42Dh
0038   D815             
0039   D815                  ; Очистка экрана и вывод логотипа
0040   D815 21 B3 D8         LXI	H, aHello
0041   D818 CD 38 C4         CALL	0C438h
0042   D81B             
0043   D81B                  ; Первым этапом происходит синхронизация с контроллером
0044   D81B                  ; Принимается 256 попыток. Для этого в регистр C заносится 0
0045   D81B 0E 00            MVI	C, 0
0046   D81D             
0047   D81D             RetrySync:
0048   D81D                  ; Режим передачи
0049   D81D 3E 90            MVI	A, SEND_MODE
0050   D81F 32 03 F0         STA	CTL_PORT
0051   D822             
0052   D822                  ; Передаем начало команды
0053   D822 3E 13            MVI	A, 013h
0054   D824 CD 9A D8         CALL	Send
0055   D827 3E B4            MVI	A, 0B4h
0056   D829 CD 9A D8         CALL	Send
0057   D82C 3E 57            MVI	A, 057h
0058   D82E CD 9A D8         CALL	Send
0059   D831 AF               XRA	A
0060   D832 CD 9A D8         CALL	Send
0061   D835             
0062   D835                  ; Режим приема  
0063   D835 3E 99            MVI	A, RECV_MODE
0064   D837 32 03 F0         STA	CTL_PORT
0065   D83A             
0066   D83A                  ; Если есть синхронизация, то контроллер ответит ERR_START
0067   D83A CD 9D D8         CALL	Recv
0068   D83D FE 40            CPI	ERR_START
0069   D83F CA 58 D8         JZ 	Sync
0070   D842             
0071   D842                  ; Пауза / Пропускаем 256 байт, если контроллер еще что то передает.
0072   D842                  ; В сумме будет пропущено 64 Кб данных
0073   D842 06 00            MVI	B, 0
0074   D844             RetrySync2:
0075   D844 CD 9D D8         CALL	Recv
0076   D847 05               DCR	B
0077   D848 C2 44 D8         JNZ	RetrySync2
0078   D84B             
0079   D84B                  ; Попытки
0080   D84B 0D               DCR	C
0081   D84C CA 03 C0         JZ 	MONITOR ; Ошибка синхронизации
0082   D84F             
0083   D84F C3 1D D8         JMP	RetrySync
0084   D852             
0085   D852             ;----------------------------------------------------------------------------
0086   D852             ; Что бы МК освободил шину
0087   D852             
0088   D852             Error:
0089   D852 CD 9D D8        CALL	Recv
0090   D855 C3 03 C0        JMP 	MONITOR
0091   D858             
0092   D858             ;----------------------------------------------------------------------------
0093   D858             
0094   D858             Sync:
0095   D858                  ; Ждем пока МК прочитает файл.
0096   D858 CD AA D8         CALL	WaitForReady
0097   D85B FE 47            CPI	ERR_OK_RKS
0098   D85D C2 52 D8         JNZ	Error ; Ошибка чтения файла
0099   D860             
0100   D860                  ; Адрес загрузки в BC
0101   D860 CD 9D D8         CALL	Recv
0102   D863 4F               MOV	C, A
0103   D864 CD 9D D8         CALL	Recv
0104   D867 47               MOV	B, A
0105   D868             
0106   D868                  ; Сохраняем в стек адрес запуска
0107   D868 C5               PUSH	B
0108   D869             
0109   D869             RecvLoop:
0110   D869                  ; Подождать
0111   D869 CD AA D8         CALL	WaitForReady
0112   D86C FE 44            CPI 	ERR_OK_READ
0113   D86E CA 9D D8         JZ 	Recv	; Всё загружено, запуск
0114   D871 B7               ORA A	; Ошибка, перезагрузка
0115   D872 C2 52 D8         JNZ 	Error	; Ошибка чтения файла
0116   D875             
0117   D875                  ; Длина очередного блока
0118   D875 CD 9D D8         CALL	Recv
0119   D878 5F               MOV	E, A
0120   D879 CD 9D D8         CALL	Recv
0121   D87C 57               MOV	D, A
0122   D87D             
0123   D87D                  ; Используется ниже
0124   D87D 21 01 F0         LXI	H, CLC_PORT
0125   D880             
0126   D880                  ; Принять очередной блок
0127   D880 14               INR	D
0128   D881 AF               XRA	A
0129   D882 B3               ORA	E
0130   D883 CA 93 D8         JZ 	RecvBlock2
0131   D886             RecvBlock1:
0132   D886 36 80            MVI	M, CLC_BIT    ; 11
0133   D888 36 00            MVI	M, 0          ; 11
0134   D88A 3A 02 F0         LDA	DATA_PORT     ; 13
0135   D88D 02               STAX	B             ; 7
0136   D88E 03               INX	B             ; 5
0137   D88F 1D               DCR	E             ; 5
0138   D890 C2 86 D8         JNZ	RecvBlock1    ; 10
0139   D893             RecvBlock2:
0140   D893 15               DCR	D
0141   D894 C2 86 D8         JNZ	RecvBlock1
0142   D897             
0143   D897 C3 69 D8         JMP RecvLoop
0144   D89A             
0145   D89A             ;----------------------------------------------------------------------------
0146   D89A             ; Отправка и прием байта
0147   D89A             
0148   D89A             Send:
0149   D89A 32 02 F0         STA	DATA_PORT     
0150   D89D             Recv:
0151   D89D 3E 80            MVI	A, CLC_BIT
0152   D89F 32 01 F0         STA	CLC_PORT
0153   D8A2 AF               XRA	A
0154   D8A3 32 01 F0         STA	CLC_PORT
0155   D8A6 3A 02 F0         LDA	DATA_PORT
0156   D8A9 C9               RET
0157   D8AA             
0158   D8AA             ;----------------------------------------------------------------------------
0159   D8AA             ; Ожидание готовности МК
0160   D8AA             
0161   D8AA             WaitForReady:
0162   D8AA CD 9D D8         CALL       Recv
0163   D8AD FE 41            CPI	ERR_WAIT
0164   D8AF CA AA D8         JZ		WaitForReady
0165   D8B2 C9               RET
0166   D8B3             
0167   D8B3             ;----------------------------------------------------------------------------
0168   D8B3             
0169   D8B3 1F 53 44 20 aHello: .db 1Fh,"SD STARTER V1.0",13,10,0
0169   D8B7 53 54 41 52 
0169   D8BB 54 45 52 20 
0169   D8BF 56 31 2E 30 
0169   D8C3 0D 0A 00 
0170   D8C6             
0171   D8C6 28 63 29 20 	.db "(c) 22-05-2013 vinxru"
0171   D8CA 32 32 2D 30 
0171   D8CE 35 2D 32 30 
0171   D8D2 31 33 20 76 
0171   D8D6 69 6E 78 72 
0171   D8DA 75 
0172   D8DB             
0173   D8DB             ;----------------------------------------------------------------------------
0174   D8DB             
0175   DFFF                  .org 0DFFFh
0176   DFFF 00               .db  0
0177   E000                  .endtasm: Number of errors = 0
