0001   0000             ; SD BIOS for Computer "Radio 86RK"
0002   0000             ; (c) 09-10-2014 vinxru (aleksey.f.morozov@gmail.com)
0003   0000             
0004   7355                  .org 07600h-683 ; Последний байт кода должен быть 075FFh
0005   7355                                    
0006   7355             ;----------------------------------------------------------------------------
0007   7355             
0008   7355             INIT_VIDEO      = 0F82DH
0009   7355             USER_PORT       = 0A000H    ; Адрес КР580ВВ55
0010   7355             INIT_STACK      = 076CFh
0011   7355             SEND_MODE       = 10000000b ; Режим передачи (1 0 0 A СH 0 B CL)
0012   7355             RECV_MODE       = 10010000b ; Режим приема (1 0 0 A СH 0 B CL)
0013   7355             
0014   7355             ERR_START   	= 040h
0015   7355             ERR_WAIT    	= 041h
0016   7355             ERR_OK_NEXT 	= 042h
0017   7355             ERR_OK          = 043h
0018   7355             ERR_OK_READ     = 044h
0019   7355             ERR_OK_ENTRY    = 045h
0020   7355             ERR_OK_WRITE	= 046h
0021   7355             ERR_OK_ADDR  	= 047h
0022   7355             ERR_OK_BLOCK    = 04Fh 
0023   7355             
0024   7355             VER_BUF = 0
0025   7355             
0026   7355             ;----------------------------------------------------------------------------
0027   7355             ; Заголовок RK файла
0028   7355             
0029   7355 73 57            .db ($+2)>>8, ($+2)&0FFh
0030   7357                  
0031   7357             ;----------------------------------------------------------------------------
0032   7357             	      
0033   7357             Entry:
0034   7357                  ; Устанавливаем границу свободной памяти
0035   7357 21 F3 71         LXI	H, SELF_NAME
0036   735A CD 33 F8         CALL	0F833h
0037   735D             
0038   735D                  ; Вывод названия контроллера на экран
0039   735D 21 9F 73         LXI	H, aHello
0040   7360 CD 18 F8         CALL	0F818h
0041   7363             
0042   7363                  ; Вывод версии контроллера
0043   7363 CD 84 73         CALL	PrintVer
0044   7366             
0045   7366                  ; Перевод строки
0046   7366 21 BE 73         lxi	h, aCrLf
0047   7369 CD 18 F8         CALL	0F818h
0048   736C             
0049   736C                  ; Запускаем файл SHELL.RK без ком строки
0050   736C 21 D0 73         LXI	H, aShellRk
0051   736F 11 FD 73         LXI	D, aEmpty
0052   7372 CD E5 74         CALL	CmdExec
0053   7375 F5               PUSH	PSW
0054   7376             
0055   7376                  ; Ошибка - файл не найден
0056   7376 FE 04            CPI	04h
0057   7378 C2 0A 74         JNZ 	Error2
0058   737B             
0059   737B                  ; Вывод сообщения "ФАЙЛ НЕ НАЙДЕН BOOT/SHELL.RK"
0060   737B 21 C1 73         LXI	H, aErrorShellRk
0061   737E CD 18 F8         CALL	0F818h
0062   7381 C3 81 73         JMP	$
0063   7384             
0064   7384             ;----------------------------------------------------------------------------
0065   7384             
0066   7384             PrintVer:
0067   7384                  ; Команда получения версии
0068   7384 3E 01            MVI	A, 1
0069   7386 CD 29 75         CALL	StartCommand	; Лишний такт в котором пропустим версию
0070   7389 CD 98 75         CALL	SwitchRecv
0071   738C                  
0072   738C                  ; Получаем версию набора команд и текст
0073   738C 01 00 00         LXI	B, VER_BUF
0074   738F 11 12 00         LXI	D, 18          ; 1 ый байт версия, последний байт - отпускаем шину
0075   7392 CD AA 75         CALL	RecvBlock
0076   7395                       
0077   7395                  ; Вывод версии железа
0078   7395 AF               XRA	A
0079   7396 32 11 00         STA	VER_BUF+17
0080   7399 21 01 00         LXI	H, VER_BUF+1
0081   739C C3 18 F8         JMP 	0F818h
0082   739F             
0083   739F             ;----------------------------------------------------------------------------
0084   739F             
0085   739F 0D 0A 53 44 aHello:         .db 13,10,"SD BIOS V1.0",13,10
0085   73A3 20 42 49 4F 
0085   73A7 53 20 56 31 
0085   73AB 2E 30 0D 0A 
0086   73AF 53 44 20 43 aSdController:  .db "SD CONTROLLER ",0
0086   73B3 4F 4E 54 52 
0086   73B7 4F 4C 4C 45 
0086   73BB 52 20 00 
0087   73BE 0D 0A 00    aCrLf:          .db 13,10,0
0088   73C1 66 61 6A 6C aErrorShellRk:  .db "fajl ne najden "
0088   73C5 20 6E 65 20 
0088   73C9 6E 61 6A 64 
0088   73CD 65 6E 20 
0089   73D0 42 4F 4F 54 aShellRk:       .db "BOOT/SHELL.RK",0
0089   73D4 2F 53 48 45 
0089   73D8 4C 4C 2E 52 
0089   73DC 4B 00 
0090   73DE 28 63 29 20                 .db "(c) 04-05-2014 vinxru"
0090   73E2 30 34 2D 30 
0090   73E6 35 2D 32 30 
0090   73EA 31 34 20 76 
0090   73EE 69 6E 78 72 
0090   73F2 75 
0091   73F3             
0092   73F3             ; Код ниже будет затерт ком строкой и собственым именем
0093   73F3             
0094   73F3             SELF_NAME    = $-512 ; путь (буфер 256 байт)
0095   73F3             CMD_LINE     = $-256 ; команданая строка 256 байт
0096   73F3             
0097   73F3             ;----------------------------------------------------------------------------
0098   73F3             ; РЕЗИДЕНТНАЯ ЧАСТЬ SD BIOS
0099   73F3             ;----------------------------------------------------------------------------
0100   73F3             
0101   73F3 6F 7B 69 62 aError:    .db "o{ibka SD "
0101   73F7 6B 61 20 53 
0101   73FB 44 20 
0102   73FD 00          aEmpty:    .db 0
0103   73FE             
0104   73FE             ;----------------------------------------------------------------------------
0105   73FE             ; Тут восстанавливается то, что можно быть испорчено при сбое
0106   73FE             
0107   73FE             Error:     
0108   73FE                  ; Инициализация стека
0109   73FE 31 CF 76         LXI	SP, INIT_STACK
0110   7401             
0111   7401                  ; Сохраняем код ошибки
0112   7401 F5               PUSH	PSW
0113   7402             
0114   7402                  ; Очистка экрана
0115   7402                  ; Сначала надо удалить из области экрана все спец символы, а то синхра сбивается
0116   7402 0E 1F            MVI	C, 1Fh
0117   7404 CD 09 F8         CALL	0F809h     
0118   7407                  ; А теперь перезагрузить видеоконтроллер
0119   7407 CD 2D F8         CALL       INIT_VIDEO
0120   740A             
0121   740A             Error2:
0122   740A                  ; Вывод текста "ОШИБКА SD "
0123   740A 21 F3 73         LXI	H, aError
0124   740D CD 18 F8         CALL	0F818h
0125   7410             
0126   7410                  ; Вывод кода ошибки
0127   7410 F1               POP	PSW
0128   7411 CD 15 F8         CALL	0F815h
0129   7414             
0130   7414                  ; Виснем
0131   7414 C3 14 74         JMP	$
0132   7417             
0133   7417             ;----------------------------------------------------------------------------
0134   7417             
0135   7417             BiosEntry:
0136   7417 E5               PUSH       H
0137   7418 21 20 74         LXI	H, JmpTbl
0138   741B 85               ADD	L
0139   741C 6F               MOV	L, A
0140   741D 6E               MOV	L, M
0141   741E E3               XTHL
0142   741F C9               RET
0143   7420             
0144   7420             ;----------------------------------------------------------------------------
0145   7420             ; Страница 8D00. Все переходы JmpTbl в пределах одной страницы
0146   7420             
0147   7420             JmpTbl:
0148   7420 E5               .db CmdExec           ; 0 HL-имя файла, DE-командная строка  / A-код ошибки
0149   7421 27               .db CmdFind           ; 1 HL-имя файла, DE-максимум файлов для загрузки, BC-адрес / HL-сколько загрузили, A-код ошибки
0150   7422 50               .db CmdOpenDelete     ; 2 D-режим, HL-имя файла / A-код ошибки
0151   7423 67               .db CmdSeekGetSize    ; 3 B-режим, DE:HL-позиция / A-код ошибки, DE:HL-позиция
0152   7424 89               .db CmdRead           ; 4 HL-размер, DE-адрес / HL-сколько загрузили, A-код ошибки
0153   7425 99               .db CmdWrite          ; 5 HL-размер, DE-адрес / A-код ошибки
0154   7426 C3               .db CmdMove           ; 6 HL-из, DE-в / A-код ошибки
0155   7427             
0156   7427             ;----------------------------------------------------------------------------
0157   7427             ; HL-путь, DE-максимум файлов для загрузки, BC-адрес / HL-сколько загрузили, A-код ошибки
0158   7427             
0159   7427             CmdFind:
0160   7427                  ; Код команды
0161   7427 3E 03            MVI	A, 3
0162   7429 CD 29 75         CALL	StartCommand
0163   742C             
0164   742C                  ; Путь
0165   742C CD 8C 75         CALL	SendString
0166   742F             
0167   742F                  ; Максимум файлов
0168   742F EB               XCHG
0169   7430 CD 84 75         CALL	SendWord
0170   7433             
0171   7433                  ; Переключаемся в режим приема
0172   7433 CD 98 75         CALL	SwitchRecv
0173   7436             
0174   7436                  ; Счетчик
0175   7436 21 00 00         LXI	H, 0
0176   7439             
0177   7439             CmdFindLoop:
0178   7439                  ; Ждем пока МК прочитает
0179   7439 CD A1 75         CALL	WaitForReady
0180   743C FE 43            CPI	ERR_OK
0181   743E CA 74 75         JZ		Ret0
0182   7441 FE 45            CPI	ERR_OK_ENTRY
0183   7443 C2 75 75         JNZ	EndCommand
0184   7446             
0185   7446                  ; Прием блока данных
0186   7446 11 14 00         LXI	D, 20	; Длина блока
0187   7449 CD AA 75         CALL	RecvBlock
0188   744C             
0189   744C                  ; Увеличиваем счетчик файлов
0190   744C 23               INX	H
0191   744D             
0192   744D                  ; Цикл
0193   744D C3 39 74         JMP	CmdFindLoop
0194   7450             
0195   7450             ;----------------------------------------------------------------------------
0196   7450             ; D-режим, HL-имя файла / A-код ошибки
0197   7450             
0198   7450             CmdOpenDelete: 
0199   7450                  ; Код команды
0200   7450 3E 04            MVI	A, 4
0201   7452 CD 29 75         CALL	StartCommand
0202   7455             
0203   7455                  ; Режим
0204   7455 7A               MOV	A, D
0205   7456 CD F0 75         CALL	Send
0206   7459             
0207   7459                  ; Имя файла
0208   7459 CD 8C 75         CALL	SendString
0209   745C             
0210   745C                  ; Ждем пока МК сообразит
0211   745C CD 9E 75         CALL	SwitchRecvAndWait
0212   745F FE 43            CPI	ERR_OK
0213   7461 CA 74 75         JZ		Ret0
0214   7464 C3 75 75         JMP	EndCommand
0215   7467                  
0216   7467             ;----------------------------------------------------------------------------
0217   7467             ; B-режим, DE:HL-позиция / A-код ошибки, DE:HL-позиция
0218   7467             
0219   7467             CmdSeekGetSize:
0220   7467                  ; Код команды
0221   7467 3E 05            MVI 	A, 5
0222   7469 CD 29 75         CALL	StartCommand
0223   746C             
0224   746C                  ; Режим     
0225   746C 78               MOV	A, B
0226   746D CD F0 75         CALL	Send
0227   7470             
0228   7470                  ; Позиция     
0229   7470 CD 84 75         CALL	SendWord
0230   7473 EB               XCHG
0231   7474 CD 84 75         CALL	SendWord
0232   7477             
0233   7477                  ; Ждем пока МК сообразит. МК должен ответить кодом ERR_OK
0234   7477 CD 9E 75         CALL	SwitchRecvAndWait
0235   747A FE 43            CPI	ERR_OK
0236   747C C2 75 75         JNZ	EndCommand
0237   747F             
0238   747F                  ; Длина файла
0239   747F CD 7B 75         CALL	RecvWord
0240   7482 EB               XCHG
0241   7483 CD 7B 75         CALL	RecvWord
0242   7486             
0243   7486                  ; Результат
0244   7486 C3 74 75         JMP	Ret0
0245   7489                  
0246   7489             ;----------------------------------------------------------------------------
0247   7489             ; HL-размер, DE-адрес / HL-сколько загрузили, A-код ошибки
0248   7489             
0249   7489             CmdRead:
0250   7489                  ; Код команды
0251   7489 3E 06            MVI	A, 6
0252   748B CD 29 75         CALL	StartCommand
0253   748E             
0254   748E                  ; Адрес в BC
0255   748E 42               MOV	B, D
0256   748F 4B               MOV	C, E
0257   7490             
0258   7490                  ; Размер блока
0259   7490 CD 84 75         CALL	SendWord        ; HL-размер
0260   7493             
0261   7493                  ; Переключаемся в режим приема
0262   7493 CD 98 75         CALL	SwitchRecv
0263   7496             
0264   7496                  ; Прием блока. На входе адрес BC, принятая длина в HL
0265   7496 C3 C7 75         JMP	RecvBuf
0266   7499             
0267   7499             ;----------------------------------------------------------------------------
0268   7499             ; HL-размер, DE-адрес / A-код ошибки
0269   7499             
0270   7499             CmdWrite:
0271   7499                  ; Код команды
0272   7499 3E 07            MVI	A, 7
0273   749B CD 29 75         CALL	StartCommand
0274   749E                  
0275   749E                  ; Размер блока
0276   749E CD 84 75         CALL	SendWord        ; HL-размер
0277   74A1             
0278   74A1                  ; Теперь адрес в HL
0279   74A1 EB               XCHG
0280   74A2             
0281   74A2             CmdWriteFile2:
0282   74A2                  ; Результат выполнения команды
0283   74A2 CD 9E 75         CALL	SwitchRecvAndWait
0284   74A5 FE 43            CPI  	ERR_OK
0285   74A7 CA 74 75         JZ  	Ret0
0286   74AA FE 46            CPI  	ERR_OK_WRITE
0287   74AC C2 75 75         JNZ	EndCommand
0288   74AF             
0289   74AF                  ; Размер блока, который может принять МК в DE
0290   74AF CD 7B 75         CALL	RecvWord
0291   74B2             
0292   74B2                  ; Переключаемся в режим передачи    
0293   74B2 CD 6B 75         CALL	SwitchSend
0294   74B5             
0295   74B5                  ; Передача блока. Адрес BC длина DE. (Можно оптимизировать цикл)
0296   74B5             CmdWriteFile1:
0297   74B5 7E               MOV	A, M
0298   74B6 23               INX	H
0299   74B7 CD F0 75         CALL	Send
0300   74BA 1B               DCX	D
0301   74BB 7A               MOV	A, D
0302   74BC B3               ORA	E
0303   74BD C2 B5 74         JNZ 	CmdWriteFile1
0304   74C0             
0305   74C0 C3 A2 74         JMP	CmdWriteFile2
0306   74C3             
0307   74C3             ;----------------------------------------------------------------------------
0308   74C3             ; HL-из, DE-в / A-код ошибки
0309   74C3             
0310   74C3             CmdMove:     
0311   74C3                  ; Код команды
0312   74C3 3E 08            MVI	A, 8
0313   74C5 CD 29 75         CALL	StartCommand
0314   74C8             
0315   74C8                  ; Имя файла
0316   74C8 CD 8C 75         CALL	SendString
0317   74CB             
0318   74CB                  ; Ждем пока МК сообразит
0319   74CB CD 9E 75         CALL	SwitchRecvAndWait
0320   74CE FE 46            CPI	ERR_OK_WRITE
0321   74D0 C2 75 75         JNZ	EndCommand
0322   74D3             
0323   74D3                  ; Переключаемся в режим передачи
0324   74D3 CD 6B 75         CALL	SwitchSend
0325   74D6             
0326   74D6                  ; Имя файла
0327   74D6 EB               XCHG
0328   74D7 CD 8C 75         CALL	SendString
0329   74DA             
0330   74DA             WaitEnd:
0331   74DA                  ; Ждем пока МК сообразит
0332   74DA CD 9E 75         CALL	SwitchRecvAndWait
0333   74DD FE 43            CPI	ERR_OK
0334   74DF CA 74 75         JZ		Ret0
0335   74E2 C3 75 75         JMP	EndCommand
0336   74E5             
0337   74E5             ;----------------------------------------------------------------------------
0338   74E5             ; HL-имя файла, DE-командная строка / A-код ошибки
0339   74E5             
0340   74E5             CmdExec:
0341   74E5                  ; Код команды
0342   74E5 3E 02            MVI	A, 2
0343   74E7 CD 29 75         CALL	StartCommand
0344   74EA             
0345   74EA                  ; Имя файла
0346   74EA E5               PUSH	H
0347   74EB CD 8C 75         CALL	SendString
0348   74EE E1               POP	H
0349   74EF             
0350   74EF                  ; Ждем пока МК прочитает файл
0351   74EF                  ; МК должен ответить кодом ERR_OK_ADDR
0352   74EF CD 9E 75         CALL	SwitchRecvAndWait
0353   74F2 FE 47            CPI	ERR_OK_ADDR
0354   74F4 C2 75 75         JNZ	EndCommand
0355   74F7             
0356   74F7                  ; Сохраняем имя файла (HL-строка)
0357   74F7 D5               PUSH	D
0358   74F8 EB               XCHG
0359   74F9 21 F3 71         LXI	H, SELF_NAME
0360   74FC CD E1 75         CALL	strcpy255
0361   74FF D1               POP	D
0362   7500             
0363   7500                  ; Сохраняем командную строку (DE-строка)
0364   7500 21 F3 72         LXI	H, CMD_LINE
0365   7503 CD E1 75         CALL	strcpy255
0366   7506             
0367   7506                  ; *** Это точка невозврата. Любая ошибка приведет к перезагрузке. ***
0368   7506             
0369   7506                  ; Инициализация стека (аналогично стандартному монитору)
0370   7506 31 CF 76         LXI	SP, INIT_STACK
0371   7509             
0372   7509                  ; Принимаем адрес загрузки в BC и сохраняем его в стек
0373   7509 CD 7B 75         CALL	RecvWord
0374   750C D5               PUSH	D
0375   750D 42               MOV 	B, D
0376   750E 4B               MOV 	C, E
0377   750F             
0378   750F                  ; Загружаем файл
0379   750F CD C7 75         CALL	RecvBuf
0380   7512 C2 FE 73         JNZ 	Error
0381   7515             
0382   7515                  ; Очистка экрана
0383   7515                  ; Сначала надо удалить из области экрана все спец символы, а то синхра сбивается
0384   7515 0E 1F            MVI	C, 1Fh
0385   7517 CD 09 F8         CALL	0F809h     
0386   751A                  ; А теперь перезагрузить видеоконтроллер
0387   751A CD 2D F8         CALL       INIT_VIDEO
0388   751D             
0389   751D                  ; Настройки для программы
0390   751D 3E 01            MVI  A, 1		; Версия контроллера
0391   751F 01 17 74         LXI  B, BiosEntry  ; Точка входа SD BIOS
0392   7522 11 F3 71         LXI  D, SELF_NAME  ; Собственное имя
0393   7525 21 F3 72         LXI  H, CMD_LINE   ; Командная строка
0394   7528             
0395   7528                  ; Запуск загруженной программы
0396   7528 C9               RET
0397   7529             
0398   7529             ;----------------------------------------------------------------------------
0399   7529             ; Это была последняя команда. Дальше страница 8E00.
0400   7529             ;----------------------------------------------------------------------------
0401   7529             
0402   7529             ;----------------------------------------------------------------------------
0403   7529             ; Начало любой команды. 
0404   7529             ; A - код команды
0405   7529             
0406   7529             StartCommand:
0407   7529                  ; Первым этапом происходит синхронизация с контроллером
0408   7529                  ; Принимается 256 попыток, в каждой из которых пропускается 256+ байт
0409   7529                  ; То есть это максимальное кол-во данных, которое может передать контроллер
0410   7529 C5               PUSH	B
0411   752A E5               PUSH	H
0412   752B F5               PUSH	PSW
0413   752C 0E 00            MVI	C, 0
0414   752E             
0415   752E             StartCommand1:
0416   752E                  ; Режим передачи (освобождаем шину) и инициализируем HL
0417   752E CD 98 75         CALL       SwitchRecv
0418   7531             
0419   7531                  ; Начало любой команды (это шина адреса)
0420   7531 21 01 A0         LXI	H, USER_PORT+1
0421   7534 36 00            MVI        M, 0
0422   7536 36 44            MVI        M, 44h
0423   7538 36 40            MVI        M, 40h
0424   753A 36 00            MVI        M, 0h
0425   753C             
0426   753C                  ; Если есть синхронизация, то контроллер ответит ERR_START
0427   753C CD F3 75         CALL	Recv
0428   753F FE 40            CPI	ERR_START
0429   7541 CA 5A 75         JZ		StartCommand2
0430   7544             
0431   7544                  ; Пауза. И за одно пропускаем 256 байт (в сумме будет 
0432   7544                  ; пропущено 64 Кб данных, максимальный размер пакета)
0433   7544 C5               PUSH	B
0434   7545 0E 00            MVI	C, 0
0435   7547             StartCommand3:
0436   7547 CD F3 75         CALL	Recv
0437   754A 0D               DCR	C
0438   754B C2 47 75         JNZ	StartCommand3
0439   754E C1               POP	B
0440   754F                     
0441   754F                  ; Попытки
0442   754F 0D               DCR	C
0443   7550 C2 2E 75         JNZ	StartCommand1    
0444   7553             
0445   7553                  ; Код ошибки
0446   7553 3E 40            MVI	A, ERR_START
0447   7555             StartCommandErr2:
0448   7555 C1               POP	B ; Прошлое значение PSW
0449   7556 E1               POP	H ; Прошлое значение H
0450   7557 C1               POP	B ; Прошлое значение B     
0451   7558 C1               POP	B ; Выходим через функцию.
0452   7559 C9               RET
0453   755A             
0454   755A             ;----------------------------------------------------------------------------
0455   755A             ; Синхронизация с контроллером есть. Контроллер должен ответить ERR_OK_NEXT
0456   755A             
0457   755A             StartCommand2:
0458   755A                  ; Ответ         	
0459   755A CD A1 75         CALL	WaitForReady
0460   755D FE 42            CPI	ERR_OK_NEXT
0461   755F C2 55 75         JNZ	StartCommandErr2
0462   7562             
0463   7562                  ; Переключаемся в режим передачи
0464   7562 CD 6B 75         CALL       SwitchSend
0465   7565             
0466   7565 F1               POP        PSW
0467   7566 E1               POP        H
0468   7567 C1               POP        B
0469   7568             
0470   7568                  ; Передаем код команды
0471   7568 C3 F0 75         JMP        Send
0472   756B             
0473   756B             ;----------------------------------------------------------------------------
0474   756B             ; Переключиться в режим передачи
0475   756B             
0476   756B             SwitchSend:
0477   756B CD F3 75         CALL	Recv
0478   756E             SwitchSend0:
0479   756E 3E 80            MVI	A, SEND_MODE
0480   7570 32 03 A0         STA	USER_PORT+3
0481   7573 C9               RET
0482   7574             
0483   7574             ;----------------------------------------------------------------------------
0484   7574             ; Успешное окончание команды 
0485   7574             ; и дополнительный такт, что бы МК отпустил шину
0486   7574             
0487   7574             Ret0:
0488   7574 AF               XRA	A
0489   7575             
0490   7575             ;----------------------------------------------------------------------------
0491   7575             ; Окончание команды с ошибкой в A 
0492   7575             ; и дополнительный такт, что бы МК отпустил шину
0493   7575             
0494   7575             EndCommand:
0495   7575 F5               PUSH	PSW
0496   7576 CD F3 75         CALL	Recv
0497   7579 F1               POP	PSW
0498   757A C9               RET
0499   757B             
0500   757B             ;----------------------------------------------------------------------------
0501   757B             ; Принять слово в DE 
0502   757B             ; Портим A.
0503   757B             
0504   757B             RecvWord:
0505   757B CD F3 75        CALL Recv
0506   757E 5F              MOV  E, A
0507   757F CD F3 75        CALL Recv
0508   7582 57              MOV  D, A
0509   7583 C9              RET
0510   7584                 
0511   7584             ;----------------------------------------------------------------------------
0512   7584             ; Отправить слово из HL 
0513   7584             ; Портим A.
0514   7584             
0515   7584             SendWord:
0516   7584 7D              MOV		A, L
0517   7585 CD F0 75        CALL	Send
0518   7588 7C              MOV		A, H
0519   7589 C3 F0 75        JMP		Send
0520   758C                 
0521   758C             ;----------------------------------------------------------------------------
0522   758C             ; Отправка строки
0523   758C             ; HL - строка
0524   758C             ; Портим A.
0525   758C             
0526   758C             SendString:
0527   758C AF               XRA	A
0528   758D B6               ORA	M
0529   758E CA F0 75         JZ		Send
0530   7591 CD F0 75         CALL	Send
0531   7594 23               INX	H
0532   7595 C3 8C 75         JMP	SendString
0533   7598                  
0534   7598             ;----------------------------------------------------------------------------
0535   7598             ; Переключиться в режим приема
0536   7598             
0537   7598             SwitchRecv:
0538   7598 3E 90            MVI	A, RECV_MODE
0539   759A 32 03 A0         STA	USER_PORT+3
0540   759D C9               RET
0541   759E             
0542   759E             ;----------------------------------------------------------------------------
0543   759E             ; Переключиться в режим передами и ожидание готовности МК.
0544   759E             
0545   759E             SwitchRecvAndWait:
0546   759E CD 98 75         CALL SwitchRecv
0547   75A1             
0548   75A1             ;----------------------------------------------------------------------------
0549   75A1             ; Ожидание готовности МК.
0550   75A1             
0551   75A1             WaitForReady:
0552   75A1 CD F3 75         CALL	Recv
0553   75A4 FE 41            CPI	ERR_WAIT
0554   75A6 CA A1 75         JZ		WaitForReady
0555   75A9 C9               RET
0556   75AA             
0557   75AA             ;----------------------------------------------------------------------------
0558   75AA             ; Принять DE байт по адресу BC
0559   75AA             ; Портим A
0560   75AA             
0561   75AA             RecvBlock:
0562   75AA E5               PUSH	H
0563   75AB 21 01 A0         LXI 	H, USER_PORT+1
0564   75AE 14               INR 	D
0565   75AF AF               XRA 	A
0566   75B0 B3               ORA 	E
0567   75B1 CA C1 75         JZ 	RecvBlock2
0568   75B4             RecvBlock1:
0569   75B4 36 20            MVI        M, 20h			; 7
0570   75B6 36 00            MVI        M, 0			; 7
0571   75B8 3A 00 A0         LDA	USER_PORT		; 13
0572   75BB 02               STAX	B		        ; 7
0573   75BC 03               INX	B		        ; 5
0574   75BD 1D               DCR	E		        ; 5
0575   75BE C2 B4 75         JNZ	RecvBlock1		; 10 = 54
0576   75C1             RecvBlock2:
0577   75C1 15               DCR	D
0578   75C2 C2 B4 75         JNZ	RecvBlock1
0579   75C5 E1               POP	H
0580   75C6 C9               RET
0581   75C7             
0582   75C7             ;----------------------------------------------------------------------------
0583   75C7             ; Загрузка данных по адресу BC. 
0584   75C7             ; На выходе HL сколько загрузили
0585   75C7             ; Портим A
0586   75C7             ; Если загружено без ошибок, на выходе Z=1
0587   75C7             
0588   75C7             RecvBuf:
0589   75C7 21 00 00         LXI	H, 0
0590   75CA             RecvBuf0:   
0591   75CA                  ; Подождать
0592   75CA CD A1 75         CALL	WaitForReady
0593   75CD FE 44            CPI	ERR_OK_READ
0594   75CF CA 74 75         JZ		Ret0		; на выходе Z (нет ошибки)
0595   75D2 D6 4F            SUI        ERR_OK_BLOCK
0596   75D4 C2 75 75         JNZ	EndCommand	; на выходе NZ (ошибка)
0597   75D7             
0598   75D7                  ; Размер загруженных данных в DE
0599   75D7 CD 7B 75         CALL	RecvWord
0600   75DA             
0601   75DA                  ; В HL общий размер
0602   75DA 19               DAD D
0603   75DB             
0604   75DB                  ; Принять DE байт по адресу BC
0605   75DB CD AA 75         CALL	RecvBlock
0606   75DE             
0607   75DE C3 CA 75         JMP	RecvBuf0
0608   75E1             
0609   75E1             ;----------------------------------------------------------------------------
0610   75E1             ; Скопироваьт строку с ограничением 256 символов (включая терминатор)
0611   75E1             
0612   75E1             strcpy255:
0613   75E1 06 FF            MVI  B, 255
0614   75E3             strcpy255_1:
0615   75E3 1A               LDAX D
0616   75E4 13               INX  D
0617   75E5 77               MOV  M, A
0618   75E6 23               INX  H
0619   75E7 B7               ORA  A
0620   75E8 C8               RZ
0621   75E9 05               DCR  B
0622   75EA C2 E3 75         JNZ  strcpy255_1
0623   75ED 36 00            MVI  M, 0 ; Терминатор
0624   75EF C9               RET
0625   75F0             
0626   75F0             ;----------------------------------------------------------------------------
0627   75F0             ; Отправить байт из A.
0628   75F0             
0629   75F0             Send:
0630   75F0 32 00 A0         STA	USER_PORT
0631   75F3             
0632   75F3             ;----------------------------------------------------------------------------
0633   75F3             ; Принять байт в А
0634   75F3             
0635   75F3             Recv:
0636   75F3 3E 20            MVI	A, 20h
0637   75F5 32 01 A0         STA	USER_PORT+1
0638   75F8 AF               XRA	A
0639   75F9 32 01 A0         STA	USER_PORT+1
0640   75FC 3A 00 A0         LDA	USER_PORT
0641   75FF C9               RET
0642   7600             
0643   7600             ;----------------------------------------------------------------------------
0644   7600             
0645   7600             .Endtasm: Number of errors = 0
